Analyzing veterinaria-ui-flutter...                             

  error - Methods can't be invoked in constant expressions - lib\screens\blog_page.dart:417:32 - const_eval_method_invocation
  error - Methods can't be invoked in constant expressions - lib\screens\blog_page.dart:731:51 - const_eval_method_invocation
  error - Methods can't be invoked in constant expressions - lib\screens\contacto_page.dart:11:24 - const_eval_method_invocation
  error - Methods can't be invoked in constant expressions - lib\screens\contacto_page.dart:517:47 - const_eval_method_invocation
  error - Methods can't be invoked in constant expressions - lib\screens\contacto_page.dart:530:51 - const_eval_method_invocation
   info - Constructors in '@immutable' classes should be declared as 'const' - lib\screens\inicio_page.dart:214:3 - prefer_const_constructors_in_immutables
   info - 'withOpacity' is deprecated and shouldn't be used. Use .withValues() to avoid precision loss - lib\screens\inicio_page.dart:242:58 - deprecated_member_use
   info - Constructors in '@immutable' classes should be declared as 'const' - lib\screens\inicio_page.dart:365:3 - prefer_const_constructors_in_immutables
   info - 'withOpacity' is deprecated and shouldn't be used. Use .withValues() to avoid precision loss - lib\screens\inicio_page.dart:386:64 - deprecated_member_use
   info - Constructors in '@immutable' classes should be declared as 'const' - lib\screens\inicio_page.dart:557:3 - prefer_const_constructors_in_immutables
   info - Constructors in '@immutable' classes should be declared as 'const' - lib\screens\nosotros_page.dart:281:3 - prefer_const_constructors_in_immutables
  error - Methods can't be invoked in constant expressions - lib\screens\nosotros_page.dart:319:20 - const_eval_method_invocation
   info - Constructors in '@immutable' classes should be declared as 'const' - lib\screens\nosotros_page.dart:438:3 - prefer_const_constructors_in_immutables
   info - Constructors in '@immutable' classes should be declared as 'const' - lib\screens\servicios_page.dart:271:3 - prefer_const_constructors_in_immutables
   info - Constructors in '@immutable' classes should be declared as 'const' - lib\screens\servicios_page.dart:434:3 - prefer_const_constructors_in_immutables
  error - Methods can't be invoked in constant expressions - lib\screens\servicios_page.dart:441:20 - const_eval_method_invocation
  error - Methods can't be invoked in constant expressions - lib\widgets\botones.dart:14:22 - const_eval_method_invocation
  error - Undefined name 'context' - lib\widgets\botones.dart:14:31 - undefined_identifier
  error - Methods can't be invoked in constant expressions - lib\widgets\botones.dart:92:28 - const_eval_method_invocation
  error - Methods can't be invoked in constant expressions - lib\widgets\pie_de_pagina.dart:104:32 - const_eval_method_invocation

